  stb_image.cpp
  RenderManager.cpp
D:\code\game\src\core\RenderManager.cpp(187,35): warning C4244: “参数”: 从“float”转换到“GLsizei”，可能丢失数据
D:\code\game\src\core\RenderManager.cpp(187,22): warning C4244: “参数”: 从“float”转换到“GLsizei”，可能丢失数据
  ResourceManager.cpp
  InuputManager.cpp
  Timer.cpp
  Player.h
  GameScene.cpp
D:\code\game\include\ECS\SpriteAnimationSystem.h(22,27): warning C4244: “=”: 从“float”转换到“int”，可能丢失数据
  (编译源文件“src/Scene/GameScene.cpp”)
  
D:\code\game\include\ECS\TerrainSystem.h(71,28): warning C4244: “=”: 从“float”转换到“int”，可能丢失数据
  (编译源文件“src/Scene/GameScene.cpp”)
  
D:\code\game\include\ECS\TerrainSystem.h(72,29): warning C4244: “=”: 从“float”转换到“int”，可能丢失数据
  (编译源文件“src/Scene/GameScene.cpp”)
  
  main.cpp
  SceneManager.h
  world.cpp
  MenuScene.cpp
LINK : warning LNK4098: 默认库“LIBCMT”与其他库的使用冲突；请使用 /NODEFAULTLIB:library
  正在生成代码
  Previous IPDB not found, fall back to full compilation.
D:\code\game\include\core\SceneManager.h(37): warning C4715: “SceneManager::Is_Empty”: 不是所有的控件路径都返回值
D:\code\game\src\core\InuputManager.cpp(29): warning C4715: “InputManager::Init_Inputmgr”: 不是所有的控件路径都返回值
  All 3011 functions were compiled because no usable IPDB/IOBJ from previous compilation was found.
  已完成代码的生成
glew32s.lib(glew.obj) : warning LNK4099: 未找到 PDB“vc120.pdb”(使用“glew32s.lib(glew.obj)”或在“D:\code\game\x64\Release\vc120.pdb”中寻找)；正在链接对象，如同没有调试信息一样
  game.vcxproj -> D:\code\game\x64\Release\game.exe
