d:\code\game\game\x64\release\vc143.pdb
d:\code\game\game\x64\release\menuscene.obj
d:\code\game\game\x64\release\world.obj
d:\code\game\game\x64\release\scenemanager.obj
d:\code\game\game\x64\release\main.obj
d:\code\game\game\x64\release\gamescene.obj
d:\code\game\game\x64\release\player.obj
d:\code\game\game\x64\release\timer.obj
d:\code\game\game\x64\release\inuputmanager.obj
d:\code\game\game\x64\release\resourcemanager.obj
d:\code\game\game\x64\release\stb_image.obj
d:\code\game\x64\release\game.exe
d:\code\game\x64\release\game.pdb
d:\code\game\game\x64\release\game.ipdb
d:\code\game\game\x64\release\game.iobj
d:\code\game\game\x64\release\game.tlog\cl.command.1.tlog
d:\code\game\game\x64\release\game.tlog\cl.items.tlog
d:\code\game\game\x64\release\game.tlog\cl.read.1.tlog
d:\code\game\game\x64\release\game.tlog\cl.write.1.tlog
d:\code\game\game\x64\release\game.tlog\link.command.1.tlog
d:\code\game\game\x64\release\game.tlog\link.read.1.tlog
d:\code\game\game\x64\release\game.tlog\link.secondary.1.tlog
d:\code\game\game\x64\release\game.tlog\link.write.1.tlog
